## --------------------------- ##
## osmo-msc 1.11.1 test suite. ##
## --------------------------- ##

testsuite: command line was:
  $ ./testsuite 

## --------- ##
## Platform. ##
## --------- ##

hostname = cellz
uname -m = x86_64
uname -r = 5.15.0-107-generic
uname -s = Linux
uname -v = #117~20.04.1-Ubuntu SMP Tue Apr 30 10:35:57 UTC 2024

/usr/bin/uname -p = x86_64
/bin/uname -X     = unknown

/bin/arch              = x86_64
/usr/bin/arch -k       = unknown
/usr/convex/getsysinfo = unknown
/usr/bin/hostinfo      = unknown
/bin/machine           = unknown
/usr/bin/oslevel       = unknown
/bin/universe          = unknown

PATH: /home/lenz/2g/mybuilds/osmo-msc-1.11.1/tests/
PATH: /usr/local/sbin/
PATH: /usr/local/bin/
PATH: /usr/sbin/
PATH: /usr/bin/
PATH: /sbin/
PATH: /bin/
PATH: /usr/games/
PATH: /usr/local/games/
PATH: /snap/bin/

testsuite: atconfig:
| # Configurable variable values for building test suites.
| # Generated by ./config.status.
| # Copyright (C) 2012 Free Software Foundation, Inc.
| 
| # The test suite will define top_srcdir=/../.. etc.
| at_testdir='tests'
| abs_builddir='/home/lenz/2g/mybuilds/osmo-msc-1.11.1/tests'
| at_srcdir='.'
| abs_srcdir='/home/lenz/2g/mybuilds/osmo-msc-1.11.1/tests'
| at_top_srcdir='..'
| abs_top_srcdir='/home/lenz/2g/mybuilds/osmo-msc-1.11.1'
| at_top_build_prefix='../'
| abs_top_builddir='/home/lenz/2g/mybuilds/osmo-msc-1.11.1'
| 
| # Backward compatibility with Autotest <= 2.59b:
| at_top_builddir=$at_top_build_prefix
| 
| AUTOTEST_PATH='tests'
| 
| SHELL=${CONFIG_SHELL-'/bin/bash'}

testsuite: atlocal:
| enable_smpp_test='yes'

## ------------------ ##
## Running the tests. ##
## ------------------ ##
testsuite: starting at: Sun Jun 30 00:17:50 EDT 2024
1. smpp (testsuite.at:4): ok     (0m0.003s 0m0.000s)
2. sms_queue_test (testsuite.at:12): ok     (0m0.003s 0m0.005s)
3. db_sms_test (testsuite.at:19): ok     (0m0.011s 0m0.000s)
4. msc_vlr_test_no_authen (testsuite.at:27): ok     (0m0.003s 0m0.020s)
5. msc_vlr_test_gsm_authen (testsuite.at:34): ok     (0m0.007s 0m0.017s)
6. msc_vlr_test_gsm_ciph (testsuite.at:41): ok     (0m0.013s 0m0.014s)
7. msc_vlr_test_umts_authen (testsuite.at:48): ok     (0m0.015s 0m0.009s)
8. msc_vlr_test_authen_reuse (testsuite.at:55): ok     (0m0.013s 0m0.011s)
9. msc_vlr_test_hlr_reject (testsuite.at:62): ok     (0m0.013s 0m0.001s)
10. msc_vlr_test_hlr_timeout (testsuite.at:69): ok     (0m0.002s 0m0.007s)
11. msc_vlr_test_ms_timeout (testsuite.at:76): ok     (0m0.004s 0m0.008s)
12. msc_vlr_test_reject_concurrency (testsuite.at:83): ok     (0m0.008s 0m0.010s)
13. msc_vlr_test_call (testsuite.at:90): ok     (0m0.005s 0m0.024s)
14. msc_vlr_test_rest (testsuite.at:97): ok     (0m0.003s 0m0.009s)
15. msc_vlr_test_ss (testsuite.at:104): ok     (0m0.003s 0m0.007s)
16. sdp_msg_test (testsuite.at:111): ok     (0m0.005s 0m0.000s)
17. mncc_test (testsuite.at:118): ok     (0m0.004s 0m0.001s)
18. csd_test (testsuite.at:125): ok     (0m0.005s 0m0.000s)
testsuite: ending at: Sun Jun 30 00:17:51 EDT 2024
testsuite: test suite duration: 0h 0m 1s

## ------------- ##
## Test results. ##
## ------------- ##

All 18 tests were successful.
